0 verbose cli /Users/chanhojung/.nvm/versions/node/v24.13.0/bin/node /Users/chanhojung/.nvm/versions/node/v24.13.0/bin/npm
1 info using npm@11.6.2
2 info using node@v24.13.0
3 silly config load:file:/Users/chanhojung/.nvm/versions/node/v24.13.0/lib/node_modules/npm/npmrc
4 silly config load:file:/Users/chanhojung/ETF_One/dashboard/.npmrc
5 silly config load:file:/Users/chanhojung/.npmrc
6 silly config load:file:/Users/chanhojung/.nvm/versions/node/v24.13.0/etc/npmrc
7 verbose title npm install
8 verbose argv "install"
9 verbose logfile logs-max:10 dir:/Users/chanhojung/ETF_One/dashboard/.npm-local-cache/_logs/2026-02-22T10_47_54_093Z-
10 verbose logfile /Users/chanhojung/ETF_One/dashboard/.npm-local-cache/_logs/2026-02-22T10_47_54_093Z-debug-0.log
11 silly logfile done cleaning log files
12 silly packumentCache heap:4496293888 maxSize:1124073472 maxEntrySize:562036736
13 silly idealTree buildDeps
14 silly fetch manifest @img/sharp-darwin-x64@0.34.5
15 silly packumentCache full:https://registry.npmjs.org/@img%2fsharp-darwin-x64 cache-miss
16 http fetch GET 200 https://registry.npmjs.org/@img%2fsharp-darwin-x64 111ms (cache revalidated)
17 silly packumentCache full:https://registry.npmjs.org/@img%2fsharp-darwin-x64 set size:65222 disposed:false
18 silly fetch manifest @img/sharp-libvips-darwin-x64@1.2.4
19 silly packumentCache full:https://registry.npmjs.org/@img%2fsharp-libvips-darwin-x64 cache-miss
20 http fetch GET 200 https://registry.npmjs.org/@img%2fsharp-libvips-darwin-x64 44ms (cache revalidated)
21 silly packumentCache full:https://registry.npmjs.org/@img%2fsharp-libvips-darwin-x64 set size:51923 disposed:false
22 silly fetch manifest @img/sharp-libvips-linux-arm@1.2.4
23 silly packumentCache full:https://registry.npmjs.org/@img%2fsharp-libvips-linux-arm cache-miss
24 http fetch GET 200 https://registry.npmjs.org/@img%2fsharp-libvips-linux-arm 219ms (cache revalidated)
25 silly packumentCache full:https://registry.npmjs.org/@img%2fsharp-libvips-linux-arm set size:58624 disposed:false
26 silly fetch manifest @img/sharp-libvips-linux-arm64@1.2.4
27 silly packumentCache full:https://registry.npmjs.org/@img%2fsharp-libvips-linux-arm64 cache-miss
28 http fetch GET 200 https://registry.npmjs.org/@img%2fsharp-libvips-linux-arm64 38ms (cache revalidated)
29 silly packumentCache full:https://registry.npmjs.org/@img%2fsharp-libvips-linux-arm64 set size:55489 disposed:false
30 silly fetch manifest @img/sharp-libvips-linux-ppc64@1.2.4
31 silly packumentCache full:https://registry.npmjs.org/@img%2fsharp-libvips-linux-ppc64 cache-miss
32 http fetch GET 200 https://registry.npmjs.org/@img%2fsharp-libvips-linux-ppc64 40ms (cache revalidated)
33 silly packumentCache full:https://registry.npmjs.org/@img%2fsharp-libvips-linux-ppc64 set size:42709 disposed:false
34 silly fetch manifest @img/sharp-libvips-linux-riscv64@1.2.4
35 silly packumentCache full:https://registry.npmjs.org/@img%2fsharp-libvips-linux-riscv64 cache-miss
36 http fetch GET 200 https://registry.npmjs.org/@img%2fsharp-libvips-linux-riscv64 37ms (cache revalidated)
37 silly packumentCache full:https://registry.npmjs.org/@img%2fsharp-libvips-linux-riscv64 set size:28633 disposed:false
38 silly fetch manifest @img/sharp-libvips-linux-s390x@1.2.4
39 silly packumentCache full:https://registry.npmjs.org/@img%2fsharp-libvips-linux-s390x cache-miss
40 http fetch GET 200 https://registry.npmjs.org/@img%2fsharp-libvips-linux-s390x 47ms (cache revalidated)
41 silly packumentCache full:https://registry.npmjs.org/@img%2fsharp-libvips-linux-s390x set size:51696 disposed:false
42 silly fetch manifest @img/sharp-libvips-linux-x64@1.2.4
43 silly packumentCache full:https://registry.npmjs.org/@img%2fsharp-libvips-linux-x64 cache-miss
44 http fetch GET 200 https://registry.npmjs.org/@img%2fsharp-libvips-linux-x64 34ms (cache revalidated)
45 silly packumentCache full:https://registry.npmjs.org/@img%2fsharp-libvips-linux-x64 set size:56678 disposed:false
46 silly fetch manifest @img/sharp-libvips-linuxmusl-arm64@1.2.4
47 silly packumentCache full:https://registry.npmjs.org/@img%2fsharp-libvips-linuxmusl-arm64 cache-miss
48 http fetch GET 200 https://registry.npmjs.org/@img%2fsharp-libvips-linuxmusl-arm64 73ms (cache revalidated)
49 silly packumentCache full:https://registry.npmjs.org/@img%2fsharp-libvips-linuxmusl-arm64 set size:54314 disposed:false
50 silly fetch manifest @img/sharp-libvips-linuxmusl-x64@1.2.4
51 silly packumentCache full:https://registry.npmjs.org/@img%2fsharp-libvips-linuxmusl-x64 cache-miss
52 http fetch GET 200 https://registry.npmjs.org/@img%2fsharp-libvips-linuxmusl-x64 32ms (cache revalidated)
53 silly packumentCache full:https://registry.npmjs.org/@img%2fsharp-libvips-linuxmusl-x64 set size:53685 disposed:false
54 silly fetch manifest @img/sharp-linux-arm@0.34.5
55 silly packumentCache full:https://registry.npmjs.org/@img%2fsharp-linux-arm cache-miss
56 http fetch GET 200 https://registry.npmjs.org/@img%2fsharp-linux-arm 40ms (cache revalidated)
57 silly packumentCache full:https://registry.npmjs.org/@img%2fsharp-linux-arm set size:66643 disposed:false
58 silly fetch manifest @img/sharp-linux-arm64@0.34.5
59 silly packumentCache full:https://registry.npmjs.org/@img%2fsharp-linux-arm64 cache-miss
60 http fetch GET 200 https://registry.npmjs.org/@img%2fsharp-linux-arm64 43ms (cache revalidated)
61 silly packumentCache full:https://registry.npmjs.org/@img%2fsharp-linux-arm64 set size:67207 disposed:false
62 silly fetch manifest @img/sharp-linux-ppc64@0.34.5
63 silly packumentCache full:https://registry.npmjs.org/@img%2fsharp-linux-ppc64 cache-miss
64 http fetch GET 200 https://registry.npmjs.org/@img%2fsharp-linux-ppc64 41ms (cache revalidated)
65 silly packumentCache full:https://registry.npmjs.org/@img%2fsharp-linux-ppc64 set size:31912 disposed:false
66 silly fetch manifest @img/sharp-linux-riscv64@0.34.5
67 silly packumentCache full:https://registry.npmjs.org/@img%2fsharp-linux-riscv64 cache-miss
68 http fetch GET 200 https://registry.npmjs.org/@img%2fsharp-linux-riscv64 36ms (cache revalidated)
69 silly packumentCache full:https://registry.npmjs.org/@img%2fsharp-linux-riscv64 set size:8972 disposed:false
70 silly fetch manifest @img/sharp-linux-s390x@0.34.5
71 silly packumentCache full:https://registry.npmjs.org/@img%2fsharp-linux-s390x cache-miss
72 http fetch GET 200 https://registry.npmjs.org/@img%2fsharp-linux-s390x 45ms (cache revalidated)
73 silly packumentCache full:https://registry.npmjs.org/@img%2fsharp-linux-s390x set size:65172 disposed:false
74 silly fetch manifest @img/sharp-linux-x64@0.34.5
75 silly packumentCache full:https://registry.npmjs.org/@img%2fsharp-linux-x64 cache-miss
76 http fetch GET 200 https://registry.npmjs.org/@img%2fsharp-linux-x64 34ms (cache revalidated)
77 silly packumentCache full:https://registry.npmjs.org/@img%2fsharp-linux-x64 set size:66311 disposed:false
78 silly fetch manifest @img/sharp-linuxmusl-arm64@0.34.5
79 silly packumentCache full:https://registry.npmjs.org/@img%2fsharp-linuxmusl-arm64 cache-miss
80 http fetch GET 200 https://registry.npmjs.org/@img%2fsharp-linuxmusl-arm64 39ms (cache revalidated)
81 silly packumentCache full:https://registry.npmjs.org/@img%2fsharp-linuxmusl-arm64 set size:68298 disposed:false
82 silly fetch manifest @img/sharp-linuxmusl-x64@0.34.5
83 silly packumentCache full:https://registry.npmjs.org/@img%2fsharp-linuxmusl-x64 cache-miss
84 http fetch GET 200 https://registry.npmjs.org/@img%2fsharp-linuxmusl-x64 52ms (cache revalidated)
85 silly packumentCache full:https://registry.npmjs.org/@img%2fsharp-linuxmusl-x64 set size:67400 disposed:false
86 silly fetch manifest @img/sharp-wasm32@0.34.5
87 silly packumentCache full:https://registry.npmjs.org/@img%2fsharp-wasm32 cache-miss
88 http fetch GET 200 https://registry.npmjs.org/@img%2fsharp-wasm32 37ms (cache revalidated)
89 silly packumentCache full:https://registry.npmjs.org/@img%2fsharp-wasm32 set size:61337 disposed:false
90 silly fetch manifest @img/sharp-win32-arm64@0.34.5
91 silly packumentCache full:https://registry.npmjs.org/@img%2fsharp-win32-arm64 cache-miss
92 http fetch GET 200 https://registry.npmjs.org/@img%2fsharp-win32-arm64 41ms (cache revalidated)
93 silly packumentCache full:https://registry.npmjs.org/@img%2fsharp-win32-arm64 set size:23941 disposed:false
94 silly fetch manifest @img/sharp-win32-ia32@0.34.5
95 silly packumentCache full:https://registry.npmjs.org/@img%2fsharp-win32-ia32 cache-miss
96 http fetch GET 200 https://registry.npmjs.org/@img%2fsharp-win32-ia32 48ms (cache revalidated)
97 silly packumentCache full:https://registry.npmjs.org/@img%2fsharp-win32-ia32 set size:65002 disposed:false
98 silly fetch manifest @img/sharp-win32-x64@0.34.5
99 silly packumentCache full:https://registry.npmjs.org/@img%2fsharp-win32-x64 cache-miss
100 http fetch GET 200 https://registry.npmjs.org/@img%2fsharp-win32-x64 32ms (cache revalidated)
101 silly packumentCache full:https://registry.npmjs.org/@img%2fsharp-win32-x64 set size:64388 disposed:false
102 silly placeDep ROOT @img/sharp-darwin-x64@0.34.5 OK for: sharp@0.34.5 want: 0.34.5
103 silly placeDep ROOT @img/sharp-libvips-darwin-x64@1.2.4 OK for: sharp@0.34.5 want: 1.2.4
104 silly placeDep ROOT @img/sharp-libvips-linux-arm@1.2.4 OK for: sharp@0.34.5 want: 1.2.4
105 silly placeDep ROOT @img/sharp-libvips-linux-arm64@1.2.4 OK for: sharp@0.34.5 want: 1.2.4
106 silly placeDep ROOT @img/sharp-libvips-linux-ppc64@1.2.4 OK for: sharp@0.34.5 want: 1.2.4
107 silly placeDep ROOT @img/sharp-libvips-linux-riscv64@1.2.4 OK for: sharp@0.34.5 want: 1.2.4
108 silly placeDep ROOT @img/sharp-libvips-linux-s390x@1.2.4 OK for: sharp@0.34.5 want: 1.2.4
109 silly placeDep ROOT @img/sharp-libvips-linux-x64@1.2.4 OK for: sharp@0.34.5 want: 1.2.4
110 silly placeDep ROOT @img/sharp-libvips-linuxmusl-arm64@1.2.4 OK for: sharp@0.34.5 want: 1.2.4
111 silly placeDep ROOT @img/sharp-libvips-linuxmusl-x64@1.2.4 OK for: sharp@0.34.5 want: 1.2.4
112 silly placeDep ROOT @img/sharp-linux-arm@0.34.5 OK for: sharp@0.34.5 want: 0.34.5
113 silly placeDep ROOT @img/sharp-linux-arm64@0.34.5 OK for: sharp@0.34.5 want: 0.34.5
114 silly placeDep ROOT @img/sharp-linux-ppc64@0.34.5 OK for: sharp@0.34.5 want: 0.34.5
115 silly placeDep ROOT @img/sharp-linux-riscv64@0.34.5 OK for: sharp@0.34.5 want: 0.34.5
116 silly placeDep ROOT @img/sharp-linux-s390x@0.34.5 OK for: sharp@0.34.5 want: 0.34.5
117 silly placeDep ROOT @img/sharp-linux-x64@0.34.5 OK for: sharp@0.34.5 want: 0.34.5
118 silly placeDep ROOT @img/sharp-linuxmusl-arm64@0.34.5 OK for: sharp@0.34.5 want: 0.34.5
119 silly placeDep ROOT @img/sharp-linuxmusl-x64@0.34.5 OK for: sharp@0.34.5 want: 0.34.5
120 silly placeDep ROOT @img/sharp-wasm32@0.34.5 OK for: sharp@0.34.5 want: 0.34.5
121 silly placeDep ROOT @img/sharp-win32-arm64@0.34.5 OK for: sharp@0.34.5 want: 0.34.5
122 silly placeDep ROOT @img/sharp-win32-ia32@0.34.5 OK for: sharp@0.34.5 want: 0.34.5
123 silly placeDep ROOT @img/sharp-win32-x64@0.34.5 OK for: sharp@0.34.5 want: 0.34.5
124 silly reify moves {}
125 silly audit bulk request {
125 silly audit   '@alloc/quick-lru': [ '5.2.0' ],
125 silly audit   '@babel/code-frame': [ '7.29.0' ],
125 silly audit   '@babel/compat-data': [ '7.29.0' ],
125 silly audit   '@babel/core': [ '7.29.0' ],
125 silly audit   '@babel/generator': [ '7.29.1' ],
125 silly audit   '@babel/helper-compilation-targets': [ '7.28.6' ],
125 silly audit   '@babel/helper-globals': [ '7.28.0' ],
125 silly audit   '@babel/helper-module-imports': [ '7.28.6' ],
125 silly audit   '@babel/helper-module-transforms': [ '7.28.6' ],
125 silly audit   '@babel/helper-string-parser': [ '7.27.1' ],
125 silly audit   '@babel/helper-validator-identifier': [ '7.28.5' ],
125 silly audit   '@babel/helper-validator-option': [ '7.27.1' ],
125 silly audit   '@babel/helpers': [ '7.28.6' ],
125 silly audit   '@babel/parser': [ '7.29.0' ],
125 silly audit   '@babel/runtime': [ '7.28.6' ],
125 silly audit   '@babel/template': [ '7.28.6' ],
125 silly audit   '@babel/traverse': [ '7.29.0' ],
125 silly audit   '@babel/types': [ '7.29.0' ],
125 silly audit   '@emnapi/core': [ '1.8.1' ],
125 silly audit   '@emnapi/runtime': [ '1.8.1' ],
125 silly audit   '@emnapi/wasi-threads': [ '1.1.0' ],
125 silly audit   '@eslint-community/eslint-utils': [ '4.9.1' ],
125 silly audit   'eslint-visitor-keys': [ '3.4.3', '5.0.1', '4.2.1' ],
125 silly audit   '@eslint-community/regexpp': [ '4.12.2' ],
125 silly audit   '@eslint/config-array': [ '0.21.1' ],
125 silly audit   '@eslint/config-helpers': [ '0.4.2' ],
125 silly audit   '@eslint/core': [ '0.17.0' ],
125 silly audit   '@eslint/eslintrc': [ '3.3.3' ],
125 silly audit   '@eslint/js': [ '9.39.3' ],
125 silly audit   '@eslint/object-schema': [ '2.1.7' ],
125 silly audit   '@eslint/plugin-kit': [ '0.4.1' ],
125 silly audit   '@humanfs/core': [ '0.19.1' ],
125 silly audit   '@humanfs/node': [ '0.16.7' ],
125 silly audit   '@humanwhocodes/module-importer': [ '1.0.1' ],
125 silly audit   '@humanwhocodes/retry': [ '0.4.3' ],
125 silly audit   '@img/colour': [ '1.0.0' ],
125 silly audit   '@img/sharp-darwin-arm64': [ '0.34.5' ],
125 silly audit   '@img/sharp-libvips-darwin-arm64': [ '1.2.4' ],
125 silly audit   '@jridgewell/gen-mapping': [ '0.3.13' ],
125 silly audit   '@jridgewell/remapping': [ '2.3.5' ],
125 silly audit   '@jridgewell/resolve-uri': [ '3.1.2' ],
125 silly audit   '@jridgewell/sourcemap-codec': [ '1.5.5' ],
125 silly audit   '@jridgewell/trace-mapping': [ '0.3.31' ],
125 silly audit   '@napi-rs/wasm-runtime': [ '0.2.12' ],
125 silly audit   '@next/env': [ '16.1.6' ],
125 silly audit   '@next/eslint-plugin-next': [ '16.1.6' ],
125 silly audit   '@nodelib/fs.scandir': [ '2.1.5' ],
125 silly audit   '@nodelib/fs.stat': [ '2.0.5' ],
125 silly audit   '@nodelib/fs.walk': [ '1.2.8' ],
125 silly audit   'fast-glob': [ '3.3.1' ],
125 silly audit   'glob-parent': [ '5.1.2', '6.0.2' ],
125 silly audit   '@next/swc-darwin-arm64': [ '16.1.6' ],
125 silly audit   '@next/swc-darwin-x64': [ '16.1.6' ],
125 silly audit   '@next/swc-linux-arm64-gnu': [ '16.1.6' ],
125 silly audit   '@next/swc-linux-arm64-musl': [ '16.1.6' ],
125 silly audit   '@next/swc-linux-x64-gnu': [ '16.1.6' ],
125 silly audit   '@next/swc-linux-x64-musl': [ '16.1.6' ],
125 silly audit   '@next/swc-win32-arm64-msvc': [ '16.1.6' ],
125 silly audit   '@next/swc-win32-x64-msvc': [ '16.1.6' ],
125 silly audit   '@nolyfill/is-core-module': [ '1.0.39' ],
125 silly audit   '@rtsao/scc': [ '1.1.0' ],
125 silly audit   '@swc/helpers': [ '0.5.15' ],
125 silly audit   '@tailwindcss/node': [ '4.2.0' ],
125 silly audit   '@tailwindcss/oxide': [ '4.2.0' ],
125 silly audit   '@tailwindcss/oxide-android-arm64': [ '4.2.0' ],
125 silly audit   '@tailwindcss/oxide-darwin-arm64': [ '4.2.0' ],
125 silly audit   '@tailwindcss/oxide-darwin-x64': [ '4.2.0' ],
125 silly audit   '@tailwindcss/oxide-freebsd-x64': [ '4.2.0' ],
125 silly audit   '@tailwindcss/oxide-linux-arm-gnueabihf': [ '4.2.0' ],
125 silly audit   '@tailwindcss/oxide-linux-arm64-gnu': [ '4.2.0' ],
125 silly audit   '@tailwindcss/oxide-linux-arm64-musl': [ '4.2.0' ],
125 silly audit   '@tailwindcss/oxide-linux-x64-gnu': [ '4.2.0' ],
125 silly audit   '@tailwindcss/oxide-linux-x64-musl': [ '4.2.0' ],
125 silly audit   '@tailwindcss/oxide-wasm32-wasi': [ '4.2.0' ],
125 silly audit   '@tailwindcss/oxide-win32-arm64-msvc': [ '4.2.0' ],
125 silly audit   '@tailwindcss/oxide-win32-x64-msvc': [ '4.2.0' ],
125 silly audit   '@tailwindcss/postcss': [ '4.2.0' ],
125 silly audit   '@tybys/wasm-util': [ '0.10.1' ],
125 silly audit   '@types/d3-array': [ '3.2.2' ],
125 silly audit   '@types/d3-color': [ '3.1.3' ],
125 silly audit   '@types/d3-ease': [ '3.0.2' ],
125 silly audit   '@types/d3-interpolate': [ '3.0.4' ],
125 silly audit   '@types/d3-path': [ '3.1.1' ],
125 silly audit   '@types/d3-scale': [ '4.0.9' ],
125 silly audit   '@types/d3-shape': [ '3.1.8' ],
125 silly audit   '@types/d3-time': [ '3.0.4' ],
125 silly audit   '@types/d3-timer': [ '3.0.2' ],
125 silly audit   '@types/estree': [ '1.0.8' ],
125 silly audit   '@types/json-schema': [ '7.0.15' ],
125 silly audit   '@types/json5': [ '0.0.29' ],
125 silly audit   '@types/node': [ '20.19.33' ],
125 silly audit   '@types/react': [ '19.2.14' ],
125 silly audit   '@types/react-dom': [ '19.2.3' ],
125 silly audit   '@unrs/resolver-binding-android-arm-eabi': [ '1.11.1' ],
125 silly audit   '@unrs/resolver-binding-android-arm64': [ '1.11.1' ],
125 silly audit   '@unrs/resolver-binding-darwin-arm64': [ '1.11.1' ],
125 silly audit   '@unrs/resolver-binding-darwin-x64': [ '1.11.1' ],
125 silly audit   '@unrs/resolver-binding-freebsd-x64': [ '1.11.1' ],
125 silly audit   '@unrs/resolver-binding-linux-arm-gnueabihf': [ '1.11.1' ],
125 silly audit   '@unrs/resolver-binding-linux-arm-musleabihf': [ '1.11.1' ],
125 silly audit   '@unrs/resolver-binding-linux-arm64-gnu': [ '1.11.1' ],
125 silly audit   '@unrs/resolver-binding-linux-arm64-musl': [ '1.11.1' ],
125 silly audit   '@unrs/resolver-binding-linux-ppc64-gnu': [ '1.11.1' ],
125 silly audit   '@unrs/resolver-binding-linux-riscv64-gnu': [ '1.11.1' ],
125 silly audit   '@unrs/resolver-binding-linux-riscv64-musl': [ '1.11.1' ],
125 silly audit   '@unrs/resolver-binding-linux-s390x-gnu': [ '1.11.1' ],
125 silly audit   '@unrs/resolver-binding-linux-x64-gnu': [ '1.11.1' ],
125 silly audit   '@unrs/resolver-binding-linux-x64-musl': [ '1.11.1' ],
125 silly audit   '@unrs/resolver-binding-wasm32-wasi': [ '1.11.1' ],
125 silly audit   '@unrs/resolver-binding-win32-arm64-msvc': [ '1.11.1' ],
125 silly audit   '@unrs/resolver-binding-win32-ia32-msvc': [ '1.11.1' ],
125 silly audit   '@unrs/resolver-binding-win32-x64-msvc': [ '1.11.1' ],
125 silly audit   acorn: [ '8.16.0' ],
125 silly audit   'acorn-jsx': [ '5.3.2' ],
125 silly audit   ajv: [ '6.14.0' ],
125 silly audit   'ansi-styles': [ '4.3.0' ],
125 silly audit   argparse: [ '2.0.1' ],
125 silly audit   'aria-query': [ '5.3.2' ],
125 silly audit   'array-buffer-byte-length': [ '1.0.2' ],
125 silly audit   'array-includes': [ '3.1.9' ],
125 silly audit   'array.prototype.findlast': [ '1.2.5' ],
125 silly audit   'array.prototype.findlastindex': [ '1.2.6' ],
125 silly audit   'array.prototype.flat': [ '1.3.3' ],
125 silly audit   'array.prototype.flatmap': [ '1.3.3' ],
125 silly audit   'array.prototype.tosorted': [ '1.1.4' ],
125 silly audit   'arraybuffer.prototype.slice': [ '1.0.4' ],
125 silly audit   'ast-types-flow': [ '0.0.8' ],
125 silly audit   'async-function': [ '1.0.0' ],
125 silly audit   'available-typed-arrays': [ '1.0.7' ],
125 silly audit   'axe-core': [ '4.11.1' ],
125 silly audit   'axobject-query': [ '4.1.0' ],
125 silly audit   'balanced-match': [ '1.0.2', '4.0.3' ],
125 silly audit   'baseline-browser-mapping': [ '2.10.0' ],
125 silly audit   'brace-expansion': [ '1.1.12', '5.0.2' ],
125 silly audit   braces: [ '3.0.3' ],
125 silly audit   browserslist: [ '4.28.1' ],
125 silly audit   'call-bind': [ '1.0.8' ],
125 silly audit   'call-bind-apply-helpers': [ '1.0.2' ],
125 silly audit   'call-bound': [ '1.0.4' ],
125 silly audit   callsites: [ '3.1.0' ],
125 silly audit   'caniuse-lite': [ '1.0.30001772' ],
125 silly audit   chalk: [ '4.1.2' ],
125 silly audit   'client-only': [ '0.0.1' ],
125 silly audit   clsx: [ '2.1.1' ],
125 silly audit   'color-convert': [ '2.0.1' ],
125 silly audit   'color-name': [ '1.1.4' ],
125 silly audit   'concat-map': [ '0.0.1' ],
125 silly audit   'convert-source-map': [ '2.0.0' ],
125 silly audit   'cross-spawn': [ '7.0.6' ],
125 silly audit   csstype: [ '3.2.3' ],
125 silly audit   'd3-array': [ '3.2.4' ],
125 silly audit   'd3-color': [ '3.1.0' ],
125 silly audit   'd3-ease': [ '3.0.1' ],
125 silly audit   'd3-format': [ '3.1.2' ],
125 silly audit   'd3-interpolate': [ '3.0.1' ],
125 silly audit   'd3-path': [ '3.1.0' ],
125 silly audit   'd3-scale': [ '4.0.2' ],
125 silly audit   'd3-shape': [ '3.2.0' ],
125 silly audit   'd3-time': [ '3.1.0' ],
125 silly audit   'd3-time-format': [ '4.1.0' ],
125 silly audit   'd3-timer': [ '3.0.1' ],
125 silly audit   'damerau-levenshtein': [ '1.0.8' ],
125 silly audit   'data-view-buffer': [ '1.0.2' ],
125 silly audit   'data-view-byte-length': [ '1.0.2' ],
125 silly audit   'data-view-byte-offset': [ '1.0.1' ],
125 silly audit   debug: [ '4.4.3', '3.2.7' ],
125 silly audit   'decimal.js-light': [ '2.5.1' ],
125 silly audit   'deep-is': [ '0.1.4' ],
125 silly audit   'define-data-property': [ '1.1.4' ],
125 silly audit   'define-properties': [ '1.2.1' ],
125 silly audit   'detect-libc': [ '2.1.2' ],
125 silly audit   doctrine: [ '2.1.0' ],
125 silly audit   'dom-helpers': [ '5.2.1' ],
125 silly audit   'dunder-proto': [ '1.0.1' ],
125 silly audit   'electron-to-chromium': [ '1.5.302' ],
125 silly audit   'emoji-regex': [ '9.2.2' ],
125 silly audit   'enhanced-resolve': [ '5.19.0' ],
125 silly audit   'es-abstract': [ '1.24.1' ],
125 silly audit   'es-define-property': [ '1.0.1' ],
125 silly audit   'es-errors': [ '1.3.0' ],
125 silly audit   'es-iterator-helpers': [ '1.2.2' ],
125 silly audit   'es-object-atoms': [ '1.1.1' ],
125 silly audit   'es-set-tostringtag': [ '2.1.0' ],
125 silly audit   'es-shim-unscopables': [ '1.1.0' ],
125 silly audit   'es-to-primitive': [ '1.3.0' ],
125 silly audit   escalade: [ '3.2.0' ],
125 silly audit   'escape-string-regexp': [ '4.0.0' ],
125 silly audit   eslint: [ '9.39.3' ],
125 silly audit   'eslint-config-next': [ '16.1.6' ],
125 silly audit   '@typescript-eslint/eslint-plugin': [ '8.56.0' ],
125 silly audit   '@typescript-eslint/parser': [ '8.56.0' ],
125 silly audit   '@typescript-eslint/project-service': [ '8.56.0' ],
125 silly audit   '@typescript-eslint/scope-manager': [ '8.56.0' ],
125 silly audit   '@typescript-eslint/tsconfig-utils': [ '8.56.0' ],
125 silly audit   '@typescript-eslint/type-utils': [ '8.56.0' ],
125 silly audit   '@typescript-eslint/types': [ '8.56.0' ],
125 silly audit   '@typescript-eslint/typescript-estree': [ '8.56.0' ],
125 silly audit   '@typescript-eslint/utils': [ '8.56.0' ],
125 silly audit   '@typescript-eslint/visitor-keys': [ '8.56.0' ],
125 silly audit   globals: [ '16.4.0', '14.0.0' ],
125 silly audit   ignore: [ '7.0.5', '5.3.2' ],
125 silly audit   minimatch: [ '9.0.6', '3.1.3' ],
125 silly audit   semver: [ '7.7.4', '6.3.1' ],
125 silly audit   'typescript-eslint': [ '8.56.0' ],
125 silly audit   'eslint-import-resolver-node': [ '0.3.9' ],
125 silly audit   resolve: [ '1.22.11', '2.0.0-next.6' ],
125 silly audit   'eslint-import-resolver-typescript': [ '3.10.1' ],
125 silly audit   'eslint-module-utils': [ '2.12.1' ],
125 silly audit   'eslint-plugin-import': [ '2.32.0' ],
125 silly audit   'eslint-plugin-jsx-a11y': [ '6.10.2' ],
125 silly audit   'eslint-plugin-react': [ '7.37.5' ],
125 silly audit   'eslint-plugin-react-hooks': [ '7.0.1' ],
125 silly audit   'eslint-scope': [ '8.4.0' ],
125 silly audit   espree: [ '10.4.0' ],
125 silly audit   esquery: [ '1.7.0' ],
125 silly audit   esrecurse: [ '4.3.0' ],
125 silly audit   estraverse: [ '5.3.0' ],
125 silly audit   esutils: [ '2.0.3' ],
125 silly audit   eventemitter3: [ '4.0.7' ],
125 silly audit   'fast-deep-equal': [ '3.1.3' ],
125 silly audit   'fast-equals': [ '5.4.0' ],
125 silly audit   'fast-json-stable-stringify': [ '2.1.0' ],
125 silly audit   'fast-levenshtein': [ '2.0.6' ],
125 silly audit   fastq: [ '1.20.1' ],
125 silly audit   'file-entry-cache': [ '8.0.0' ],
125 silly audit   'fill-range': [ '7.1.1' ],
125 silly audit   'find-up': [ '5.0.0' ],
125 silly audit   'flat-cache': [ '4.0.1' ],
125 silly audit   flatted: [ '3.3.3' ],
125 silly audit   'for-each': [ '0.3.5' ],
125 silly audit   'function-bind': [ '1.1.2' ],
125 silly audit   'function.prototype.name': [ '1.1.8' ],
125 silly audit   'functions-have-names': [ '1.2.3' ],
125 silly audit   'generator-function': [ '2.0.1' ],
125 silly audit   gensync: [ '1.0.0-beta.2' ],
125 silly audit   'get-intrinsic': [ '1.3.0' ],
125 silly audit   'get-proto': [ '1.0.1' ],
125 silly audit   'get-symbol-description': [ '1.1.0' ],
125 silly audit   'get-tsconfig': [ '4.13.6' ],
125 silly audit   globalthis: [ '1.0.4' ],
125 silly audit   gopd: [ '1.2.0' ],
125 silly audit   'graceful-fs': [ '4.2.11' ],
125 silly audit   'has-bigints': [ '1.1.0' ],
125 silly audit   'has-flag': [ '4.0.0' ],
125 silly audit   'has-property-descriptors': [ '1.0.2' ],
125 silly audit   'has-proto': [ '1.2.0' ],
125 silly audit   'has-symbols': [ '1.1.0' ],
125 silly audit   'has-tostringtag': [ '1.0.2' ],
125 silly audit   hasown: [ '2.0.2' ],
125 silly audit   'hermes-estree': [ '0.25.1' ],
125 silly audit   'hermes-parser': [ '0.25.1' ],
125 silly audit   'import-fresh': [ '3.3.1' ],
125 silly audit   imurmurhash: [ '0.1.4' ],
125 silly audit   'internal-slot': [ '1.1.0' ],
125 silly audit   internmap: [ '2.0.3' ],
125 silly audit   'is-array-buffer': [ '3.0.5' ],
125 silly audit   'is-async-function': [ '2.1.1' ],
125 silly audit   'is-bigint': [ '1.1.0' ],
125 silly audit   'is-boolean-object': [ '1.2.2' ],
125 silly audit   'is-bun-module': [ '2.0.0' ],
125 silly audit   'is-callable': [ '1.2.7' ],
125 silly audit   'is-core-module': [ '2.16.1' ],
125 silly audit   'is-data-view': [ '1.0.2' ],
125 silly audit   'is-date-object': [ '1.1.0' ],
125 silly audit   'is-extglob': [ '2.1.1' ],
125 silly audit   'is-finalizationregistry': [ '1.1.1' ],
125 silly audit   'is-generator-function': [ '1.1.2' ],
125 silly audit   'is-glob': [ '4.0.3' ],
125 silly audit   'is-map': [ '2.0.3' ],
125 silly audit   'is-negative-zero': [ '2.0.3' ],
125 silly audit   'is-number': [ '7.0.0' ],
125 silly audit   'is-number-object': [ '1.1.1' ],
125 silly audit   'is-regex': [ '1.2.1' ],
125 silly audit   'is-set': [ '2.0.3' ],
125 silly audit   'is-shared-array-buffer': [ '1.0.4' ],
125 silly audit   'is-string': [ '1.1.1' ],
125 silly audit   'is-symbol': [ '1.1.1' ],
125 silly audit   'is-typed-array': [ '1.1.15' ],
125 silly audit   'is-weakmap': [ '2.0.2' ],
125 silly audit   'is-weakref': [ '1.1.1' ],
125 silly audit   'is-weakset': [ '2.0.4' ],
125 silly audit   isarray: [ '2.0.5' ],
125 silly audit   isexe: [ '2.0.0' ],
125 silly audit   'iterator.prototype': [ '1.1.5' ],
125 silly audit   jiti: [ '2.6.1' ],
125 silly audit   'js-tokens': [ '4.0.0' ],
125 silly audit   'js-yaml': [ '4.1.1' ],
125 silly audit   jsesc: [ '3.1.0' ],
125 silly audit   'json-buffer': [ '3.0.1' ],
125 silly audit   'json-schema-traverse': [ '0.4.1' ],
125 silly audit   'json-stable-stringify-without-jsonify': [ '1.0.1' ],
125 silly audit   json5: [ '2.2.3', '1.0.2' ],
125 silly audit   'jsx-ast-utils': [ '3.3.5' ],
125 silly audit   keyv: [ '4.5.4' ],
125 silly audit   'language-subtag-registry': [ '0.3.23' ],
125 silly audit   'language-tags': [ '1.0.9' ],
125 silly audit   levn: [ '0.4.1' ],
125 silly audit   lightningcss: [ '1.31.1' ],
125 silly audit   'lightningcss-android-arm64': [ '1.31.1' ],
125 silly audit   'lightningcss-darwin-arm64': [ '1.31.1' ],
125 silly audit   'lightningcss-darwin-x64': [ '1.31.1' ],
125 silly audit   'lightningcss-freebsd-x64': [ '1.31.1' ],
125 silly audit   'lightningcss-linux-arm-gnueabihf': [ '1.31.1' ],
125 silly audit   'lightningcss-linux-arm64-gnu': [ '1.31.1' ],
125 silly audit   'lightningcss-linux-arm64-musl': [ '1.31.1' ],
125 silly audit   'lightningcss-linux-x64-gnu': [ '1.31.1' ],
125 silly audit   'lightningcss-linux-x64-musl': [ '1.31.1' ],
125 silly audit   'lightningcss-win32-arm64-msvc': [ '1.31.1' ],
125 silly audit   'lightningcss-win32-x64-msvc': [ '1.31.1' ],
125 silly audit   'locate-path': [ '6.0.0' ],
125 silly audit   lodash: [ '4.17.23' ],
125 silly audit   'lodash.merge': [ '4.6.2' ],
125 silly audit   'loose-envify': [ '1.4.0' ],
125 silly audit   'lru-cache': [ '5.1.1' ],
125 silly audit   'lucide-react': [ '0.475.0' ],
125 silly audit   'magic-string': [ '0.30.21' ],
125 silly audit   'math-intrinsics': [ '1.1.0' ],
125 silly audit   merge2: [ '1.4.1' ],
125 silly audit   micromatch: [ '4.0.8' ],
125 silly audit   minimist: [ '1.2.8' ],
125 silly audit   ms: [ '2.1.3' ],
125 silly audit   nanoid: [ '3.3.11' ],
125 silly audit   'napi-postinstall': [ '0.3.4' ],
125 silly audit   'natural-compare': [ '1.4.0' ],
125 silly audit   next: [ '16.1.6' ],
125 silly audit   postcss: [ '8.4.31', '8.5.6' ],
125 silly audit   'node-exports-info': [ '1.6.0' ],
125 silly audit   'node-releases': [ '2.0.27' ],
125 silly audit   'object-assign': [ '4.1.1' ],
125 silly audit   'object-inspect': [ '1.13.4' ],
125 silly audit   'object-keys': [ '1.1.1' ],
125 silly audit   'object.assign': [ '4.1.7' ],
125 silly audit   'object.entries': [ '1.1.9' ],
125 silly audit   'object.fromentries': [ '2.0.8' ],
125 silly audit   'object.groupby': [ '1.0.3' ],
125 silly audit   'object.values': [ '1.2.1' ],
125 silly audit   optionator: [ '0.9.4' ],
125 silly audit   'own-keys': [ '1.0.1' ],
125 silly audit   'p-limit': [ '3.1.0' ],
125 silly audit   'p-locate': [ '5.0.0' ],
125 silly audit   'parent-module': [ '1.0.1' ],
125 silly audit   'path-exists': [ '4.0.0' ],
125 silly audit   'path-key': [ '3.1.1' ],
125 silly audit   'path-parse': [ '1.0.7' ],
125 silly audit   picocolors: [ '1.1.1' ],
125 silly audit   picomatch: [ '2.3.1', '4.0.3' ],
125 silly audit   'possible-typed-array-names': [ '1.1.0' ],
125 silly audit   'prelude-ls': [ '1.2.1' ],
125 silly audit   'prop-types': [ '15.8.1' ],
125 silly audit   punycode: [ '2.3.1' ],
125 silly audit   'queue-microtask': [ '1.2.3' ],
125 silly audit   react: [ '19.2.3' ],
125 silly audit   'react-dom': [ '19.2.3' ],
125 silly audit   'react-is': [ '16.13.1', '18.3.1' ],
125 silly audit   'react-smooth': [ '4.0.4' ],
125 silly audit   'react-transition-group': [ '4.4.5' ],
125 silly audit   recharts: [ '2.15.4' ],
125 silly audit   'recharts-scale': [ '0.4.5' ],
125 silly audit   'reflect.getprototypeof': [ '1.0.10' ],
125 silly audit   'regexp.prototype.flags': [ '1.5.4' ],
125 silly audit   'resolve-from': [ '4.0.0' ],
125 silly audit   'resolve-pkg-maps': [ '1.0.0' ],
125 silly audit   reusify: [ '1.1.0' ],
125 silly audit   'run-parallel': [ '1.2.0' ],
125 silly audit   'safe-array-concat': [ '1.1.3' ],
125 silly audit   'safe-push-apply': [ '1.0.0' ],
125 silly audit   'safe-regex-test': [ '1.1.0' ],
125 silly audit   scheduler: [ '0.27.0' ],
125 silly audit   'set-function-length': [ '1.2.2' ],
125 silly audit   'set-function-name': [ '2.0.2' ],
125 silly audit   'set-proto': [ '1.0.0' ],
125 silly audit   sharp: [ '0.34.5' ],
125 silly audit   'shebang-command': [ '2.0.0' ],
125 silly audit   'shebang-regex': [ '3.0.0' ],
125 silly audit   'side-channel': [ '1.1.0' ],
125 silly audit   'side-channel-list': [ '1.0.0' ],
125 silly audit   'side-channel-map': [ '1.0.1' ],
125 silly audit   'side-channel-weakmap': [ '1.0.2' ],
125 silly audit   'source-map-js': [ '1.2.1' ],
125 silly audit   'stable-hash': [ '0.0.5' ],
125 silly audit   'stop-iteration-iterator': [ '1.1.0' ],
125 silly audit   'string.prototype.includes': [ '2.0.1' ],
125 silly audit   'string.prototype.matchall': [ '4.0.12' ],
125 silly audit   'string.prototype.repeat': [ '1.0.0' ],
125 silly audit   'string.prototype.trim': [ '1.2.10' ],
125 silly audit   'string.prototype.trimend': [ '1.0.9' ],
125 silly audit   'string.prototype.trimstart': [ '1.0.8' ],
125 silly audit   'strip-bom': [ '3.0.0' ],
125 silly audit   'strip-json-comments': [ '3.1.1' ],
125 silly audit   'styled-jsx': [ '5.1.6' ],
125 silly audit   'supports-color': [ '7.2.0' ],
125 silly audit   'supports-preserve-symlinks-flag': [ '1.0.0' ],
125 silly audit   'tailwind-merge': [ '3.5.0' ],
125 silly audit   tailwindcss: [ '4.2.0' ],
125 silly audit   tapable: [ '2.3.0' ],
125 silly audit   'tiny-invariant': [ '1.3.3' ],
125 silly audit   tinyglobby: [ '0.2.15' ],
125 silly audit   fdir: [ '6.5.0' ],
125 silly audit   'to-regex-range': [ '5.0.1' ],
125 silly audit   'ts-api-utils': [ '2.4.0' ],
125 silly audit   'tsconfig-paths': [ '3.15.0' ],
125 silly audit   tslib: [ '2.8.1' ],
125 silly audit   'type-check': [ '0.4.0' ],
125 silly audit   'typed-array-buffer': [ '1.0.3' ],
125 silly audit   'typed-array-byte-length': [ '1.0.3' ],
125 silly audit   'typed-array-byte-offset': [ '1.0.4' ],
125 silly audit   'typed-array-length': [ '1.0.7' ],
125 silly audit   typescript: [ '5.9.3' ],
125 silly audit   'unbox-primitive': [ '1.1.0' ],
125 silly audit   'undici-types': [ '6.21.0' ],
125 silly audit   'unrs-resolver': [ '1.11.1' ],
125 silly audit   'update-browserslist-db': [ '1.2.3' ],
125 silly audit   'uri-js': [ '4.4.1' ],
125 silly audit   'victory-vendor': [ '36.9.2' ],
125 silly audit   which: [ '2.0.2' ],
125 silly audit   'which-boxed-primitive': [ '1.1.1' ],
125 silly audit   'which-builtin-type': [ '1.2.1' ],
125 silly audit   'which-collection': [ '1.0.2' ],
125 silly audit   'which-typed-array': [ '1.1.20' ],
125 silly audit   'word-wrap': [ '1.2.5' ],
125 silly audit   yallist: [ '3.1.1' ],
125 silly audit   'yocto-queue': [ '0.1.0' ],
125 silly audit   zod: [ '4.3.6' ],
125 silly audit   'zod-validation-error': [ '4.0.2' ],
125 silly audit   '@img/sharp-darwin-x64': [ '0.34.5' ],
125 silly audit   '@img/sharp-libvips-darwin-x64': [ '1.2.4' ],
125 silly audit   '@img/sharp-libvips-linux-arm': [ '1.2.4' ],
125 silly audit   '@img/sharp-libvips-linux-arm64': [ '1.2.4' ],
125 silly audit   '@img/sharp-libvips-linux-ppc64': [ '1.2.4' ],
125 silly audit   '@img/sharp-libvips-linux-riscv64': [ '1.2.4' ],
125 silly audit   '@img/sharp-libvips-linux-s390x': [ '1.2.4' ],
125 silly audit   '@img/sharp-libvips-linux-x64': [ '1.2.4' ],
125 silly audit   '@img/sharp-libvips-linuxmusl-arm64': [ '1.2.4' ],
125 silly audit   '@img/sharp-libvips-linuxmusl-x64': [ '1.2.4' ],
125 silly audit   '@img/sharp-linux-arm': [ '0.34.5' ],
125 silly audit   '@img/sharp-linux-arm64': [ '0.34.5' ],
125 silly audit   '@img/sharp-linux-ppc64': [ '0.34.5' ],
125 silly audit   '@img/sharp-linux-riscv64': [ '0.34.5' ],
125 silly audit   '@img/sharp-linux-s390x': [ '0.34.5' ],
125 silly audit   '@img/sharp-linux-x64': [ '0.34.5' ],
125 silly audit   '@img/sharp-linuxmusl-arm64': [ '0.34.5' ],
125 silly audit   '@img/sharp-linuxmusl-x64': [ '0.34.5' ],
125 silly audit   '@img/sharp-wasm32': [ '0.34.5' ],
125 silly audit   '@img/sharp-win32-arm64': [ '0.34.5' ],
125 silly audit   '@img/sharp-win32-ia32': [ '0.34.5' ],
125 silly audit   '@img/sharp-win32-x64': [ '0.34.5' ]
125 silly audit }
126 http fetch POST 200 https://registry.npmjs.org/-/npm/v1/security/advisories/bulk 214ms
127 silly audit report {
127 silly audit report   minimatch: [
127 silly audit report     {
127 silly audit report       id: 1113371,
127 silly audit report       url: 'https://github.com/advisories/GHSA-3ppc-4f35-3m26',
127 silly audit report       title: 'minimatch has a ReDoS via repeated wildcards with non-matching literal in pattern',
127 silly audit report       severity: 'high',
127 silly audit report       vulnerable_versions: '<10.2.1',
127 silly audit report       cwe: [Array],
127 silly audit report       cvss: [Object]
127 silly audit report     }
127 silly audit report   ]
127 silly audit report }
128 silly packumentCache corgi:https://registry.npmjs.org/minimatch cache-miss
129 http fetch GET 200 https://registry.npmjs.org/minimatch 31ms (cache revalidated)
130 silly packumentCache corgi:https://registry.npmjs.org/minimatch set size:154574 disposed:false
131 silly packumentCache corgi:https://registry.npmjs.org/@typescript-eslint%2ftypescript-estree cache-miss
132 silly packumentCache corgi:https://registry.npmjs.org/@eslint%2fconfig-array cache-miss
133 silly packumentCache corgi:https://registry.npmjs.org/@eslint%2feslintrc cache-miss
134 silly packumentCache corgi:https://registry.npmjs.org/eslint cache-miss
135 silly packumentCache corgi:https://registry.npmjs.org/eslint-plugin-import cache-miss
136 silly packumentCache corgi:https://registry.npmjs.org/eslint-plugin-jsx-a11y cache-miss
137 silly packumentCache corgi:https://registry.npmjs.org/eslint-plugin-react cache-miss
138 http fetch GET 200 https://registry.npmjs.org/@typescript-eslint%2ftypescript-estree 47ms (cache revalidated)
139 silly packumentCache corgi:https://registry.npmjs.org/@typescript-eslint%2ftypescript-estree set size:8494054 disposed:false
140 http fetch GET 200 https://registry.npmjs.org/@eslint%2feslintrc 114ms (cache revalidated)
141 silly packumentCache corgi:https://registry.npmjs.org/@eslint%2feslintrc set size:80753 disposed:false
142 http fetch GET 200 https://registry.npmjs.org/@eslint%2fconfig-array 114ms (cache revalidated)
143 silly packumentCache corgi:https://registry.npmjs.org/@eslint%2fconfig-array set size:15303 disposed:false
144 http fetch GET 200 https://registry.npmjs.org/eslint-plugin-jsx-a11y 114ms (cache revalidated)
145 silly packumentCache corgi:https://registry.npmjs.org/eslint-plugin-jsx-a11y set size:108835 disposed:false
146 http fetch GET 200 https://registry.npmjs.org/eslint 115ms (cache revalidated)
147 silly packumentCache corgi:https://registry.npmjs.org/eslint set size:1132877 disposed:false
148 http fetch GET 200 https://registry.npmjs.org/eslint-plugin-react 121ms (cache revalidated)
149 silly packumentCache corgi:https://registry.npmjs.org/eslint-plugin-react set size:309843 disposed:false
150 http fetch GET 200 https://registry.npmjs.org/eslint-plugin-import 122ms (cache revalidated)
151 silly packumentCache corgi:https://registry.npmjs.org/eslint-plugin-import set size:238396 disposed:false
152 silly packumentCache corgi:https://registry.npmjs.org/@typescript-eslint%2fparser cache-miss
153 silly packumentCache corgi:https://registry.npmjs.org/@typescript-eslint%2ftype-utils cache-miss
154 silly packumentCache corgi:https://registry.npmjs.org/@typescript-eslint%2futils cache-miss
155 silly packumentCache corgi:https://registry.npmjs.org/typescript-eslint cache-miss
156 http fetch GET 200 https://registry.npmjs.org/typescript-eslint 26ms (cache revalidated)
157 silly packumentCache corgi:https://registry.npmjs.org/typescript-eslint set size:1533651 disposed:false
158 http fetch GET 200 https://registry.npmjs.org/@typescript-eslint%2futils 41ms (cache revalidated)
159 silly packumentCache corgi:https://registry.npmjs.org/@typescript-eslint%2futils set size:4517972 disposed:false
160 http fetch GET 200 https://registry.npmjs.org/@typescript-eslint%2ftype-utils 78ms (cache revalidated)
161 silly packumentCache corgi:https://registry.npmjs.org/@typescript-eslint%2ftype-utils set size:4507154 disposed:false
162 http fetch GET 200 https://registry.npmjs.org/@typescript-eslint%2fparser 109ms (cache revalidated)
163 silly packumentCache corgi:https://registry.npmjs.org/@typescript-eslint%2fparser set size:7892767 disposed:false
164 silly packumentCache corgi:https://registry.npmjs.org/eslint-config-next cache-miss
165 http fetch GET 200 https://registry.npmjs.org/eslint-config-next 35ms (cache revalidated)
166 silly packumentCache corgi:https://registry.npmjs.org/eslint-config-next set size:3714238 disposed:false
167 silly packumentCache corgi:https://registry.npmjs.org/@eslint-community%2feslint-utils cache-miss
168 silly packumentCache corgi:https://registry.npmjs.org/@typescript-eslint%2feslint-plugin cache-miss
169 silly packumentCache corgi:https://registry.npmjs.org/eslint-import-resolver-typescript cache-miss
170 silly packumentCache corgi:https://registry.npmjs.org/eslint-plugin-react-hooks cache-miss
171 http fetch GET 200 https://registry.npmjs.org/eslint-import-resolver-typescript 128ms (cache revalidated)
172 silly packumentCache corgi:https://registry.npmjs.org/eslint-import-resolver-typescript set size:138502 disposed:false
173 http fetch GET 200 https://registry.npmjs.org/eslint-plugin-react-hooks 134ms (cache revalidated)
174 silly packumentCache corgi:https://registry.npmjs.org/eslint-plugin-react-hooks set size:4052651 disposed:false
175 http fetch GET 200 https://registry.npmjs.org/@eslint-community%2feslint-utils 157ms (cache revalidated)
176 silly packumentCache corgi:https://registry.npmjs.org/@eslint-community%2feslint-utils set size:44347 disposed:false
177 http fetch GET 200 https://registry.npmjs.org/@typescript-eslint%2feslint-plugin 166ms (cache revalidated)
178 silly packumentCache corgi:https://registry.npmjs.org/@typescript-eslint%2feslint-plugin set size:9349854 disposed:false
179 verbose cwd /Users/chanhojung/ETF_One/dashboard
180 verbose os Darwin 25.3.0
181 verbose node v24.13.0
182 verbose npm  v11.6.2
183 verbose exit 0
184 info ok
